// Jest Snapshot v1, https://goo.gl/fbAQLP

exports[`Renders Home Component render 1`] = `undefined`;
